
{

"@a59600@ian@cantharellus-cibarius": { 
	"vb": "75 73 -0 -0",
 },
"@a59896@ian@corbicula-fluminea": { 
	"vb": "75 71 -0 -73",
 },
"@a60348@ian@galerucella-pusilla": { 
	"vb": "75 39 -0 -144",
 },
}
